{
  HostInfo: {
    Version: 1.0.0.0,
    Modules: [
      {
        Id: {
          ModuleType: HostLoaderTest.TestModuleA
        },
        DisplayName: TestA,
        Version: 1.0.0.0,
        Dependents: [
          {
            Id: {
              ModuleType: HostLoaderTest.TestModuleC
            },
            DisplayName: TestC,
            Version: 1.0.0.0,
            Dependencies: [
              {
                Id: {
                  ModuleType: HostLoaderTest.TestModuleB
                },
                DisplayName: TestB,
                Version: 1.0.0.0,
                Dependencies: [],
                Dependents: []
              }
            ]
          },
          {
            Id: {
              ModuleType: HostLoaderTest.TestModuleB
            },
            DisplayName: TestB,
            Version: 1.0.0.0,
            Dependencies: [],
            Dependents: [
              {
                Id: {
                  ModuleType: HostLoaderTest.TestModuleC
                },
                DisplayName: TestC,
                Version: 1.0.0.0,
                Dependencies: []
              }
            ]
          }
        ]
      },
      {
        Id: {
          ModuleType: HostLoaderTest.TestModuleB
        },
        DisplayName: TestB,
        Version: 1.0.0.0,
        Dependencies: [
          {
            Id: {
              ModuleType: HostLoaderTest.TestModuleA
            },
            DisplayName: TestA,
            Version: 1.0.0.0,
            Dependents: [
              {
                Id: {
                  ModuleType: HostLoaderTest.TestModuleC
                },
                DisplayName: TestC,
                Version: 1.0.0.0,
                Dependencies: []
              }
            ]
          }
        ],
        Dependents: [
          {
            Id: {
              ModuleType: HostLoaderTest.TestModuleC
            },
            DisplayName: TestC,
            Version: 1.0.0.0,
            Dependencies: [
              {
                Id: {
                  ModuleType: HostLoaderTest.TestModuleA
                },
                DisplayName: TestA,
                Version: 1.0.0.0,
                Dependents: []
              }
            ]
          }
        ]
      },
      {
        Id: {
          ModuleType: HostLoaderTest.TestModuleC
        },
        DisplayName: TestC,
        Version: 1.0.0.0,
        Dependencies: [
          {
            Id: {
              ModuleType: HostLoaderTest.TestModuleA
            },
            DisplayName: TestA,
            Version: 1.0.0.0,
            Dependents: [
              {
                Id: {
                  ModuleType: HostLoaderTest.TestModuleB
                },
                DisplayName: TestB,
                Version: 1.0.0.0,
                Dependencies: [],
                Dependents: []
              }
            ]
          },
          {
            Id: {
              ModuleType: HostLoaderTest.TestModuleB
            },
            DisplayName: TestB,
            Version: 1.0.0.0,
            Dependencies: [
              {
                Id: {
                  ModuleType: HostLoaderTest.TestModuleA
                },
                DisplayName: TestA,
                Version: 1.0.0.0,
                Dependents: []
              }
            ],
            Dependents: []
          }
        ]
      }
    ],
    ExplicitModules: [
      {
        Id: {
          ModuleType: HostLoaderTest.TestModuleC
        },
        DisplayName: TestC,
        Version: 1.0.0.0,
        Dependencies: [
          {
            Id: {
              ModuleType: HostLoaderTest.TestModuleA
            },
            DisplayName: TestA,
            Version: 1.0.0.0,
            Dependents: [
              {
                Id: {
                  ModuleType: HostLoaderTest.TestModuleB
                },
                DisplayName: TestB,
                Version: 1.0.0.0,
                Dependencies: [],
                Dependents: []
              }
            ]
          },
          {
            Id: {
              ModuleType: HostLoaderTest.TestModuleB
            },
            DisplayName: TestB,
            Version: 1.0.0.0,
            Dependencies: [
              {
                Id: {
                  ModuleType: HostLoaderTest.TestModuleA
                },
                DisplayName: TestA,
                Version: 1.0.0.0,
                Dependents: []
              }
            ],
            Dependents: []
          }
        ]
      },
      {
        Id: {
          ModuleType: HostLoaderTest.TestModuleB
        },
        DisplayName: TestB,
        Version: 1.0.0.0,
        Dependencies: [
          {
            Id: {
              ModuleType: HostLoaderTest.TestModuleA
            },
            DisplayName: TestA,
            Version: 1.0.0.0,
            Dependents: [
              {
                Id: {
                  ModuleType: HostLoaderTest.TestModuleC
                },
                DisplayName: TestC,
                Version: 1.0.0.0,
                Dependencies: []
              }
            ]
          }
        ],
        Dependents: [
          {
            Id: {
              ModuleType: HostLoaderTest.TestModuleC
            },
            DisplayName: TestC,
            Version: 1.0.0.0,
            Dependencies: [
              {
                Id: {
                  ModuleType: HostLoaderTest.TestModuleA
                },
                DisplayName: TestA,
                Version: 1.0.0.0,
                Dependents: []
              }
            ]
          }
        ]
      }
    ]
  },
  Modules: [
    {
      ModuleInfo: {
        Id: {
          ModuleType: HostLoaderTest.TestModuleA
        },
        DisplayName: TestA,
        Version: 1.0.0.0,
        Dependents: [
          {
            Id: {
              ModuleType: HostLoaderTest.TestModuleC
            },
            DisplayName: TestC,
            Version: 1.0.0.0,
            Dependencies: [
              {
                Id: {
                  ModuleType: HostLoaderTest.TestModuleB
                },
                DisplayName: TestB,
                Version: 1.0.0.0,
                Dependencies: [],
                Dependents: []
              }
            ]
          },
          {
            Id: {
              ModuleType: HostLoaderTest.TestModuleB
            },
            DisplayName: TestB,
            Version: 1.0.0.0,
            Dependencies: [],
            Dependents: [
              {
                Id: {
                  ModuleType: HostLoaderTest.TestModuleC
                },
                DisplayName: TestC,
                Version: 1.0.0.0,
                Dependencies: []
              }
            ]
          }
        ]
      },
      Instance: {}
    },
    {
      ModuleInfo: {
        Id: {
          ModuleType: HostLoaderTest.TestModuleB
        },
        DisplayName: TestB,
        Version: 1.0.0.0,
        Dependencies: [
          {
            Id: {
              ModuleType: HostLoaderTest.TestModuleA
            },
            DisplayName: TestA,
            Version: 1.0.0.0,
            Dependents: [
              {
                Id: {
                  ModuleType: HostLoaderTest.TestModuleC
                },
                DisplayName: TestC,
                Version: 1.0.0.0,
                Dependencies: []
              }
            ]
          }
        ],
        Dependents: [
          {
            Id: {
              ModuleType: HostLoaderTest.TestModuleC
            },
            DisplayName: TestC,
            Version: 1.0.0.0,
            Dependencies: [
              {
                Id: {
                  ModuleType: HostLoaderTest.TestModuleA
                },
                DisplayName: TestA,
                Version: 1.0.0.0,
                Dependents: []
              }
            ]
          }
        ]
      },
      Instance: {}
    },
    {
      ModuleInfo: {
        Id: {
          ModuleType: HostLoaderTest.TestModuleC
        },
        DisplayName: TestC,
        Version: 1.0.0.0,
        Dependencies: [
          {
            Id: {
              ModuleType: HostLoaderTest.TestModuleA
            },
            DisplayName: TestA,
            Version: 1.0.0.0,
            Dependents: [
              {
                Id: {
                  ModuleType: HostLoaderTest.TestModuleB
                },
                DisplayName: TestB,
                Version: 1.0.0.0,
                Dependencies: [],
                Dependents: []
              }
            ]
          },
          {
            Id: {
              ModuleType: HostLoaderTest.TestModuleB
            },
            DisplayName: TestB,
            Version: 1.0.0.0,
            Dependencies: [
              {
                Id: {
                  ModuleType: HostLoaderTest.TestModuleA
                },
                DisplayName: TestA,
                Version: 1.0.0.0,
                Dependents: []
              }
            ],
            Dependents: []
          }
        ]
      },
      Instance: {}
    }
  ]
}